
T13909.hs:11:18: error:
    • Expecting two more arguments to ‘Hm’
      Expected kind ‘k’, but ‘Hm’ has kind ‘forall k -> k -> *’
      ‘k’ is a rigid type variable bound by
        the instance declaration
        at T13909.hs:11:10-19
    • In the first argument of ‘HasName’, namely ‘Hm’
      In the instance declaration for ‘HasName Hm’
