hello
[GblId, Arity=3, Str=<L,U><L,U><L,U>b, Cpr=b, Unf=OtherCon []]
