hasfieldrun01: hasfieldrun01.hs:33:17-23: Non-exhaustive patterns in record update

